** 1. Introduction

--- CréerEnvironnementOpam
  SetWorkingDirectory : .

  > opam switch create calame ocaml-base-compiler.5.2.1

  > opam switch set calame
  > eval $(opam env)
--- End CréerEnvironnementOpam

--- VérificationOcaml
  > which ocaml
  >> [something]/.opam/calame/bin/ocaml
 
  > ocaml --version
  >> The OCaml toplevel, version 5.2.1
--- End VérificationOcaml

> opam install dune

--- VérificationDune
  > which dune
  >> [something]/.opam/calame/bin/dune

  > dune --version
  >> 3.20.2
--- End VérificationDune

--- DéclarationProjetDune
  > dune init proj calame .
  >> Success: initialized project component named calame

  ### EDIT dune-project
  (lang dune 3.20)

  (name calame)

  (generate_opam_files true)

  (package
   (name calame)
   (synopsis "Small parametric machine for slow experimentation")
   (description
    "Calame, Roseau taillé dont les Anciens se servaient pour écrire.
     Calame, un état, une transition et une observation. 
     Calame, pensée pour l'expérimentation sur les systèmes réflexifs.")
   (depends
    (ocaml (>= 5.0))))
  ### End EDIT
--- End DéclarationProjetDune

--- VérificationInitialisationProjet
  > opam install . --deps-only

  [WARNING] Failed checks on calame package definition from source at
	    file://[something]/calame:
      error 23: Missing field 'maintainer'
    warning 25: Missing field 'authors'
    warning 35: Missing field 'homepage'
    warning 36: Missing field 'bug-reports'
    warning 68: Missing field 'license'
  Nothing to do.

  > dune build
  >>
  > dune exec bin/main.exe
  >> Hello, World!
--- End VérificationInitialisationProjet

--- ÉlagageArbreProjet
  > rm -rf bin
  > rm -rf test
  > tree -L 3
  >>. 
    ├── MakeLog.log
    ├── calame.opam
    ├── dune-project
    └── lib
	└── dune

	2 directories, 4 files
--- End ÉlagageArbreProjet

--- InitialisationLocaleGit
  > git init
  >> Initialized empty Git repository in [something]/calame/.git/
  > git status
  >> On branch main

    No commits yet

    Untracked files:
      (use "git add <file>..." to include in what will be committed)
	    MakeLog.log
	    calame.opam
	    dune-project
	    lib/

    nothing added to commit but untracked files present (use "git add" to track)

